<html>
<body>
<pre>
<h1>µVision Build Log</h1>
<h2>Project:</h2>
C:\Users\b46911\Documents\Kinetis\KinetisEA\KEA8\Keil Labs\TRK-KEA8_Keil_Lab2\TRK-KEA8_Lab2.uvprojx
Project File Date:  04/29/2014

<h2>Output:</h2>
Rebuild target 'TRK-KEA8_Lab2'
compiling CLK.c...
compiling FTM.c...
compiling main.c...
assembling startup_SKEAZN84.s...
compiling system_SKEAZN84.c...
linking...
Program Size: Code=1772 RO-data=224 RW-data=16 ZI-data=352  
".\TRK-KEA8_Lab2.axf" - 0 Error(s), 0 Warning(s).

<h2>Software Packages used:</h2>

Package Vendor: ARM
                http://www.keil.com/pack/ARM.CMSIS.3.20.4.pack
                ARM::CMSIS:CORE:3.20.0
                Cortex Microcontroller Software Interface Standard (CMSIS) CORE, DSP, RTOS, Driver
   * Component: CORE Version: 3.20.0
   * Component: DSP Version: 1.4.1

Package Vendor: Keil
                http://www.keil.com/pack/Keil.Kinetis_KEAxx_DFP.1.0.1.pack
                Keil::Device:Startup:1.0.0
                Freescale Kinetis KEAxx Series Device Support
   * Component: Startup Version: 1.0.0

<h2>Collection of Component include folders:</h2>
  C:\Users\b46911\Documents\Kinetis\KinetisEA\KEA8\Keil Labs\TRK-KEA8_Keil_Lab2\RTE
  C:\Keil\ARM\PACK\ARM\CMSIS\3.20.4\CMSIS\Include
  C:\Keil\ARM\PACK\Keil\Kinetis_KEAxx_DFP\1.0.1\Device\Include

<h2>Collection of Component Files used:</h2>

   * Component: ARM::CMSIS:CORE:3.20.0

   * Component: ARM::CMSIS:DSP:1.4.1
      Include file:  CMSIS\Include\arm_math.h
      Library file:  CMSIS\Lib\ARM\arm_cortexM0l_math.lib

   * Component: Keil::Device:Startup:1.0.0
      Source file:   Device\Source\ARM\startup_SKEAZN84.s
      Source file:   Device\Source\system_SKEAZN84.c
</pre>
</body>
</html>
ocuments\\Kinetis\\KinetisEA\\KEA8\\Keil Labs\\TRK-KEA8_Keil_Lab2\\TRK-KEA8_Lab2.axf" 
