<html>
<body>
<pre>
<h1>µVision Build Log</h1>
<h2>Project:</h2>
C:\Users\b46911\Documents\Kinetis\KinetisEA\KEA128\Keil Labs\TRK-KEA128_Keil_Lab2\TRK-KEA128_Lab2.uvprojx
Project File Date:  04/09/2014

<h2>Output:</h2>
Rebuild target 'TRK-KEA128_Lab2'
compiling CLK.c...
compiling FTM.c...
compiling main.c...
assembling startup_SKEAZ1284.s...
compiling system_SKEAZ1284.c...
linking...
Program Size: Code=1804 RO-data=224 RW-data=16 ZI-data=352  
".\TRK-KEA128_Lab2.axf" - 0 Error(s), 0 Warning(s).

<h2>Software Packages used:</h2>

Package Vendor: ARM
                http://www.keil.com/pack/ARM.CMSIS.3.20.4.pack
                ARM::CMSIS:CORE:3.20.0
                Cortex Microcontroller Software Interface Standard (CMSIS) CORE, DSP, RTOS, Driver
   * Component: CORE Version: 3.20.0

Package Vendor: Keil
                http://www.keil.com/pack/Keil.Kinetis_KEAxx_DFP.1.0.1.pack
                Keil::Device:Startup:1.0.0
                Freescale Kinetis KEAxx Series Device Support
   * Component: Startup Version: 1.0.0

<h2>Collection of Component include folders:</h2>
  C:\Users\b46911\Documents\Kinetis\KinetisEA\KEA128\Keil Labs\TRK-KEA128_Keil_Lab2\RTE
  C:\Keil\ARM\PACK\ARM\CMSIS\3.20.4\CMSIS\Include
  C:\Keil\ARM\PACK\Keil\Kinetis_KEAxx_DFP\1.0.1\Device\Include

<h2>Collection of Component Files used:</h2>

   * Component: ARM::CMSIS:CORE:3.20.0

   * Component: Keil::Device:Startup:1.0.0
      Source file:   Device\Source\ARM\startup_SKEAZ1284.s
      Source file:   Device\Source\system_SKEAZ1284.c
Load "C:\\Users\\b46911\\Documents\\Kinetis\\KinetisEA\\KEA128\\Keil Labs\\TRK-KEA128_Keil_Lab2\\TRK-KEA128_Lab2.axf" 
</pre>
</body>
</html>
